// Jest Snapshot v1, https://goo.gl/fbAQLP

exports[`Performance tests - LS-Element clear rows: 1625778393550 1`] = `
Map {
  "create1000Rows" => 233.06,
  "replaceAllRows" => 244.17,
  "partialUpdate" => 83.86,
  "selectRow" => 64.31,
  "swapRows" => 78.78,
  "removeRow" => 99.25,
  "createManyRows" => 1825.84,
  "appendRowsToLargeTable" => 502.39,
  "clearRows" => 37.95,
}
`;

exports[`Performance tests - LS-Element clear rows: LS-Element 1.2.6 1`] = `
Map {
  "create1000Rows" => 628.04,
  "replaceAllRows" => 1338.53,
  "partialUpdate" => 89.95,
  "selectRow" => 61.77,
  "swapRows" => 64.19,
  "removeRow" => 56.07,
  "createManyRows" => 7013.5,
  "appendRowsToLargeTable" => 1579.74,
  "clearRows" => 67.7,
}
`;

exports[`Performance tests - LS-Element matches the snapshot on initial render 1`] = `
"
    <div id=\\"main\\">
        <div class=\\"container\\">
            <div class=\\"jumbotron\\">
                <div class=\\"row\\">
                    <div class=\\"col-md-6\\">
                        <h1>LS-Element keyed</h1>
                    </div>
                    <div class=\\"col-md-6\\">
                        <div is=\\"ls-table-manager\\" class=\\"row\\">
                        <div id=\\"6\\" class=\\"col-sm-6 smallpad\\"><button type=\\"button\\" class=\\"btn btn-primary btn-block\\" id=\\"run\\">Create 1,000 rows</button></div><div id=\\"7\\" class=\\"col-sm-6 smallpad\\"><button type=\\"button\\" class=\\"btn btn-primary btn-block\\" id=\\"runlots\\">Create 10,000 rows</button></div><div id=\\"8\\" class=\\"col-sm-6 smallpad\\"><button type=\\"button\\" class=\\"btn btn-primary btn-block\\" id=\\"add\\">Append 1,000 rows</button></div><div id=\\"9\\" class=\\"col-sm-6 smallpad\\"><button type=\\"button\\" class=\\"btn btn-primary btn-block\\" id=\\"update\\">Update every 10th row</button></div><div id=\\"10\\" class=\\"col-sm-6 smallpad\\"><button type=\\"button\\" class=\\"btn btn-primary btn-block\\" id=\\"clear\\">Clear</button></div><div id=\\"11\\" class=\\"col-sm-6 smallpad\\"><button type=\\"button\\" class=\\"btn btn-primary btn-block\\" id=\\"swaprows\\">Swap Rows</button></div></div>
                    </div>
                </div>
            </div>
            <table class=\\"table table-hover table-striped test-data\\">
                <tbody is=\\"ls-table-body\\" id=\\"tbody\\">
                </tbody>
            </table>
            <span class=\\"preloadicon glyphicon glyphicon-remove\\" aria-hidden=\\"true\\"></span>
        </div>
    </div>
    <script src=\\"./index.js\\"></script>


"
`;
