// Jest Snapshot v1, https://goo.gl/fbAQLP

exports[`Performance tests - LS-Element clear rows: LS-Element Benchmarks 1`] = `
Map {
  "1650653698451" => Map {
    "create1000Rows" => 238.78,
    "replaceAllRows" => 327.93,
    "partialUpdate" => 113.16,
    "selectRow" => 89.98,
    "swapRows" => 95.08,
    "removeRow" => 101.64,
    "createManyRows" => 1760.57,
    "appendRowsToLargeTable" => 658.55,
    "clearRows" => 69.77,
  },
  "2.0.0" => Map {
    "create1000Rows" => 251.1,
    "replaceAllRows" => 249.82,
    "partialUpdate" => 84.96,
    "selectRow" => 67.85,
    "swapRows" => 78.81,
    "removeRow" => 80.18,
    "createManyRows" => 1782.93,
    "appendRowsToLargeTable" => 412.64,
    "clearRows" => 114.61,
  },
  "1.2.6" => Map {
    "create1000Rows" => 628.04,
    "replaceAllRows" => 1338.53,
    "partialUpdate" => 89.95,
    "selectRow" => 61.77,
    "swapRows" => 64.19,
    "removeRow" => 56.07,
    "createManyRows" => 7013.5,
    "appendRowsToLargeTable" => 1579.74,
    "clearRows" => 67.7,
  },
}
`;

exports[`Performance tests - LS-Element matches the snapshot on initial render 1`] = `
"
    <div id=\\"main\\">
        <div class=\\"container\\">
            <div class=\\"jumbotron\\">
                <div class=\\"row\\">
                    <div class=\\"col-md-6\\">
                        <h1>LS-Element-Map keyed</h1>
                    </div>
                    <div class=\\"col-md-6\\">
                        <div is=\\"ls-table-manager\\" class=\\"row\\"><fragment><div class=\\"col-sm-6 smallpad\\"><button type=\\"button\\" class=\\"btn btn-primary btn-block\\" id=\\"run\\">Create 1,000 rows</button></div><div class=\\"col-sm-6 smallpad\\"><button type=\\"button\\" class=\\"btn btn-primary btn-block\\" id=\\"runlots\\">Create 10,000 rows</button></div><div class=\\"col-sm-6 smallpad\\"><button type=\\"button\\" class=\\"btn btn-primary btn-block\\" id=\\"add\\">Append 1,000 rows</button></div><div class=\\"col-sm-6 smallpad\\"><button type=\\"button\\" class=\\"btn btn-primary btn-block\\" id=\\"update\\">Update every 10th row</button></div><div class=\\"col-sm-6 smallpad\\"><button type=\\"button\\" class=\\"btn btn-primary btn-block\\" id=\\"clear\\">Clear</button></div><div class=\\"col-sm-6 smallpad\\"><button type=\\"button\\" class=\\"btn btn-primary btn-block\\" id=\\"swaprows\\">Swap Rows</button></div></fragment></div>
                    </div>
                </div>
            </div>
            <table class=\\"table table-hover table-striped test-data\\">
                <tbody is=\\"ls-table-body\\" id=\\"tbody\\"></tbody>
            </table>
            <span class=\\"preloadicon glyphicon glyphicon-remove\\" aria-hidden=\\"true\\"></span>
        </div>
    </div>
    <script src=\\"./index.js\\"></script>


"
`;
