// Jest Snapshot v1, https://goo.gl/fbAQLP

exports[`Performance tests - MichiJS clear rows: MichiJS Benchmarks 1`] = `
Map {
  "1700684043975" => Map {
    "create1000Rows" => 148.93,
    "replaceAllRows" => 123.78,
    "partialUpdate" => 35.11,
    "selectRow" => 930.87,
    "swapRows" => 20.63,
    "removeRow" => 919.81,
    "createManyRows" => 1232.64,
    "appendRowsToLargeTable" => 170.1,
    "clearRows" => 34.11,
  },
  "2.0.0" => Map {
    "create1000Rows" => 143.36,
    "replaceAllRows" => 109.16,
    "partialUpdate" => 38.82,
    "selectRow" => 1055.66,
    "swapRows" => 19.53,
    "removeRow" => 1058.56,
    "createManyRows" => 962.07,
    "appendRowsToLargeTable" => 177.95,
    "clearRows" => 30.7,
  },
  "1.1.7" => Map {
    "create1000Rows" => 195.06,
    "replaceAllRows" => 123.76,
    "partialUpdate" => 76.27,
    "selectRow" => 1438.36,
    "swapRows" => 36.6,
    "removeRow" => 1373.27,
    "createManyRows" => 1150.83,
    "appendRowsToLargeTable" => 246.86,
    "clearRows" => 42.68,
  },
  "1.0.0" => Map {
    "create1000Rows" => 207.09,
    "replaceAllRows" => 185.54,
    "partialUpdate" => 44.55,
    "selectRow" => 40.72,
    "swapRows" => 23.92,
    "removeRow" => 49.16,
    "createManyRows" => 1639.74,
    "appendRowsToLargeTable" => 267.65,
    "clearRows" => 42.65,
  },
  "legacy - 2.0.0" => Map {
    "create1000Rows" => 251.1,
    "replaceAllRows" => 249.82,
    "partialUpdate" => 84.96,
    "selectRow" => 67.85,
    "swapRows" => 78.81,
    "removeRow" => 80.18,
    "createManyRows" => 1782.93,
    "appendRowsToLargeTable" => 412.64,
    "clearRows" => 114.61,
  },
  "legacy - 1.2.6" => Map {
    "create1000Rows" => 628.04,
    "replaceAllRows" => 1338.53,
    "partialUpdate" => 89.95,
    "selectRow" => 61.77,
    "swapRows" => 64.19,
    "removeRow" => 56.07,
    "createManyRows" => 7013.5,
    "appendRowsToLargeTable" => 1579.74,
    "clearRows" => 67.7,
  },
}
`;

exports[`Performance tests - MichiJS matches the snapshot on initial render 1`] = `
"
    <div id="main">
        <div class="container">
            <div class="jumbotron">
                <div class="row">
                    <div class="col-md-6">
                        <h1>MichiJS keyed</h1>
                    </div>
                    <div is="michi-table-manager" class="col-md-6">
                    <div class="row"><div class="col-sm-6 smallpad"><button type="button" class="btn btn-primary btn-block" id="run">Create 1,000 rows</button></div><div class="col-sm-6 smallpad"><button type="button" class="btn btn-primary btn-block" id="runlots">Create 10,000 rows</button></div><div class="col-sm-6 smallpad"><button type="button" class="btn btn-primary btn-block" id="add">Append 1,000 rows</button></div><div class="col-sm-6 smallpad"><button type="button" class="btn btn-primary btn-block" id="update">Update every 10th row</button></div><div class="col-sm-6 smallpad"><button type="button" class="btn btn-primary btn-block" id="clear">Clear</button></div><div class="col-sm-6 smallpad"><button type="button" class="btn btn-primary btn-block" id="swaprows">Swap Rows</button></div></div></div>
                </div>
            </div>
            <table is="michi-table" class="table table-hover table-striped test-data">
            <tbody id="tbody"></tbody></table>
            <span class="preloadicon glyphicon glyphicon-remove" aria-hidden="true"></span>
        </div>
    </div>
    <script src="./index.js" type="module"></script>


"
`;
