// Jest Snapshot v1, https://goo.gl/fbAQLP

exports[`Performance tests - MichiJS clear rows: MichiJS Benchmarks 1`] = `
Map {
  "1676041428028" => Map {
    "create1000Rows" => 222.88,
    "replaceAllRows" => 272.29,
    "partialUpdate" => 86.95,
    "selectRow" => 86.87,
    "swapRows" => 160.66,
    "removeRow" => 96.14,
    "createManyRows" => 1839.65,
    "appendRowsToLargeTable" => 551.63,
    "clearRows" => 21.75,
  },
  "2.0.0" => Map {
    "create1000Rows" => 251.1,
    "replaceAllRows" => 249.82,
    "partialUpdate" => 84.96,
    "selectRow" => 67.85,
    "swapRows" => 78.81,
    "removeRow" => 80.18,
    "createManyRows" => 1782.93,
    "appendRowsToLargeTable" => 412.64,
    "clearRows" => 114.61,
  },
  "1.2.6" => Map {
    "create1000Rows" => 628.04,
    "replaceAllRows" => 1338.53,
    "partialUpdate" => 89.95,
    "selectRow" => 61.77,
    "swapRows" => 64.19,
    "removeRow" => 56.07,
    "createManyRows" => 7013.5,
    "appendRowsToLargeTable" => 1579.74,
    "clearRows" => 67.7,
  },
}
`;

exports[`Performance tests - MichiJS matches the snapshot on initial render 1`] = `
"
    <div id="main">
        <div class="container">
            <div class="jumbotron">
                <div class="row">
                    <div class="col-md-6">
                        <h1>MichiJS-Map keyed</h1>
                    </div>
                    <div is="michi-table-manager" class="col-md-6"><div class="row"><div class="col-sm-6 smallpad"><button type="button" class="btn btn-primary btn-block" id="run">Create 1,000 rows</button></div><div class="col-sm-6 smallpad"><button type="button" class="btn btn-primary btn-block" id="runlots">Create 10,000 rows</button></div><div class="col-sm-6 smallpad"><button type="button" class="btn btn-primary btn-block" id="add">Append 1,000 rows</button></div><div class="col-sm-6 smallpad"><button type="button" class="btn btn-primary btn-block" id="update">Update every 10th row</button></div><div class="col-sm-6 smallpad"><button type="button" class="btn btn-primary btn-block" id="clear">Clear</button></div><div class="col-sm-6 smallpad"><button type="button" class="btn btn-primary btn-block" id="swaprows">Swap Rows</button></div></div></div>
                </div>
            </div>
            <table class="table table-hover table-striped test-data">
                <tbody is="michi-table-body" id="tbody"><michi-list></michi-list></tbody>
            </table>
            <span class="preloadicon glyphicon glyphicon-remove" aria-hidden="true"></span>
        </div>
    </div>
    <script src="./index.js"></script>


"
`;
