// Jest Snapshot v1, https://goo.gl/fbAQLP

exports[`Performance tests - vanilla-js clear rows: Vanilla JS 1`] = `
Map {
  "create1000Rows" => 152.05,
  "replaceAllRows" => 156.75,
  "partialUpdate" => 67.11,
  "selectRow" => 43.4,
  "swapRows" => 45.22,
  "removeRow" => 21.73,
  "createManyRows" => 1190.1,
  "appendRowsToLargeTable" => 217.09,
  "clearRows" => 39.52,
}
`;
